  n5 page 1: 48 kartu, +48 baru (total 48)
  n5 page 2: 31 kartu, +31 baru (total 79)
  n5 page 3: 31 kartu, +0 baru (total 79)
[n5] TOTAL 79 kanji
  n4 page 1: 48 kartu, +48 baru (total 48)
  n4 page 2: 48 kartu, +48 baru (total 96)
  n4 page 3: 48 kartu, +48 baru (total 144)
  n4 page 4: 23 kartu, +23 baru (total 167)
  n4 page 5: 23 kartu, +0 baru (total 167)
[n4] TOTAL 167 kanji
  n3 page 1: 48 kartu, +48 baru (total 48)
  n3 page 2: 48 kartu, +48 baru (total 96)
  n3 page 3: 48 kartu, +48 baru (total 144)
  n3 page 4: 48 kartu, +48 baru (total 192)
  n3 page 5: 48 kartu, +48 baru (total 240)
  n3 page 6: 48 kartu, +48 baru (total 288)
  n3 page 7: 48 kartu, +48 baru (total 336)
  n3 page 8: 48 kartu, +48 baru (total 384)
  n3 page 9: 32 kartu, +32 baru (total 416)
  n3 page 10: 32 kartu, +0 baru (total 416)
[n3] TOTAL 416 kanji
  n2 page 1: 48 kartu, +48 baru (total 48)
  n2 page 2: 48 kartu, +48 baru (total 96)
  n2 page 3: 48 kartu, +48 baru (total 144)
  n2 page 4: 48 kartu, +48 baru (total 192)
  n2 page 5: 48 kartu, +48 baru (total 240)
  n2 page 6: 48 kartu, +48 baru (total 288)
  n2 page 7: 48 kartu, +48 baru (total 336)
  n2 page 8: 37 kartu, +37 baru (total 373)
  n2 page 9: 37 kartu, +0 baru (total 373)
[n2] TOTAL 373 kanji
  n1 page 1: 48 kartu, +48 baru (total 48)
  n1 page 2: 48 kartu, +48 baru (total 96)
  n1 page 3: 48 kartu, +48 baru (total 144)
  n1 page 4: 48 kartu, +48 baru (total 192)
  n1 page 5: 48 kartu, +48 baru (total 240)
  n1 page 6: 48 kartu, +48 baru (total 288)
  n1 page 7: 48 kartu, +48 baru (total 336)
  n1 page 8: 48 kartu, +48 baru (total 384)
  n1 page 9: 48 kartu, +48 baru (total 432)
  n1 page 10: 48 kartu, +48 baru (total 480)
  n1 page 11: 48 kartu, +48 baru (total 528)
  n1 page 12: 48 kartu, +48 baru (total 576)
  n1 page 13: 48 kartu, +48 baru (total 624)
  n1 page 14: 48 kartu, +48 baru (total 672)
  n1 page 15: 48 kartu, +48 baru (total 720)
  n1 page 16: 48 kartu, +48 baru (total 768)
  n1 page 17: 48 kartu, +48 baru (total 816)
  n1 page 18: 48 kartu, +48 baru (total 864)
  n1 page 19: 48 kartu, +48 baru (total 912)
  n1 page 20: 48 kartu, +48 baru (total 960)
  n1 page 21: 48 kartu, +48 baru (total 1008)
  n1 page 22: 48 kartu, +48 baru (total 1056)
  n1 page 23: 48 kartu, +48 baru (total 1104)
  n1 page 24: 48 kartu, +48 baru (total 1152)
  n1 page 25: 48 kartu, +48 baru (total 1200)
[n1] TOTAL 1200 kanji

Scrape detail 2235 kanji ...
  25/2235 selesai (0 gagal)
  50/2235 selesai (0 gagal)
  75/2235 selesai (0 gagal)
  100/2235 selesai (0 gagal)
  125/2235 selesai (0 gagal)
  150/2235 selesai (0 gagal)
  175/2235 selesai (0 gagal)
  200/2235 selesai (0 gagal)
  225/2235 selesai (0 gagal)
  250/2235 selesai (0 gagal)
  275/2235 selesai (0 gagal)
  300/2235 selesai (0 gagal)
  325/2235 selesai (0 gagal)
  350/2235 selesai (0 gagal)
  375/2235 selesai (0 gagal)
  400/2235 selesai (0 gagal)
  425/2235 selesai (0 gagal)
  450/2235 selesai (0 gagal)
  475/2235 selesai (0 gagal)
  500/2235 selesai (0 gagal)
  525/2235 selesai (0 gagal)
  550/2235 selesai (0 gagal)
  575/2235 selesai (0 gagal)
  600/2235 selesai (0 gagal)
  625/2235 selesai (0 gagal)
  650/2235 selesai (0 gagal)
  675/2235 selesai (0 gagal)
  700/2235 selesai (0 gagal)
  725/2235 selesai (0 gagal)
  750/2235 selesai (0 gagal)
  775/2235 selesai (0 gagal)
  800/2235 selesai (0 gagal)
  825/2235 selesai (0 gagal)
  850/2235 selesai (0 gagal)
  875/2235 selesai (0 gagal)
  900/2235 selesai (0 gagal)
  925/2235 selesai (0 gagal)
  950/2235 selesai (0 gagal)
  975/2235 selesai (0 gagal)
  1000/2235 selesai (0 gagal)
  1025/2235 selesai (0 gagal)
  1050/2235 selesai (0 gagal)
  1075/2235 selesai (0 gagal)
  1100/2235 selesai (0 gagal)
  1125/2235 selesai (0 gagal)
  1150/2235 selesai (0 gagal)
  1175/2235 selesai (0 gagal)
  1200/2235 selesai (0 gagal)
  1225/2235 selesai (0 gagal)
  1250/2235 selesai (0 gagal)
  1275/2235 selesai (0 gagal)
  1300/2235 selesai (0 gagal)
  1325/2235 selesai (0 gagal)
  1350/2235 selesai (0 gagal)
  1375/2235 selesai (0 gagal)
  1400/2235 selesai (0 gagal)
  1425/2235 selesai (0 gagal)
  1450/2235 selesai (0 gagal)
  1475/2235 selesai (0 gagal)
  1500/2235 selesai (0 gagal)
  1525/2235 selesai (0 gagal)
  1550/2235 selesai (0 gagal)
  1575/2235 selesai (0 gagal)
  1600/2235 selesai (0 gagal)
  1625/2235 selesai (0 gagal)
  1650/2235 selesai (0 gagal)
  1675/2235 selesai (0 gagal)
  1700/2235 selesai (0 gagal)
  1725/2235 selesai (0 gagal)
  1750/2235 selesai (0 gagal)
  1775/2235 selesai (0 gagal)
  1800/2235 selesai (0 gagal)
  1825/2235 selesai (0 gagal)
  1850/2235 selesai (0 gagal)
  1875/2235 selesai (0 gagal)
  1900/2235 selesai (0 gagal)
  1925/2235 selesai (0 gagal)
  1950/2235 selesai (0 gagal)
  1975/2235 selesai (0 gagal)
  2000/2235 selesai (0 gagal)
  2025/2235 selesai (0 gagal)
  2050/2235 selesai (0 gagal)
  2075/2235 selesai (0 gagal)
  2100/2235 selesai (0 gagal)
  2125/2235 selesai (0 gagal)
  2150/2235 selesai (0 gagal)
  2175/2235 selesai (0 gagal)
  2200/2235 selesai (0 gagal)
  2225/2235 selesai (0 gagal)
  2235/2235 selesai (0 gagal)

Gagal: 0
OK -> data/kanji_raw.json {'n5': 79, 'n4': 167, 'n3': 416, 'n2': 373, 'n1': 1200} detail: 2235
