daftar kata: 7832
sudah ada: 0
perlu diambil: 7832
  100/7832 ok=79 fail=21
  200/7832 ok=159 fail=41
  300/7832 ok=235 fail=65
  400/7832 ok=300 fail=100
  500/7832 ok=365 fail=135
  600/7832 ok=442 fail=158
  700/7832 ok=520 fail=180
  800/7832 ok=591 fail=209
  900/7832 ok=668 fail=232
  1000/7832 ok=746 fail=254
  1100/7832 ok=825 fail=275
  1200/7832 ok=904 fail=296
  1300/7832 ok=985 fail=315
  1400/7832 ok=1063 fail=337
  1500/7832 ok=1154 fail=346
  1600/7832 ok=1248 fail=352
  1700/7832 ok=1332 fail=368
  1800/7832 ok=1413 fail=387
  1900/7832 ok=1503 fail=397
  2000/7832 ok=1597 fail=403
  2100/7832 ok=1684 fail=416
  2200/7832 ok=1775 fail=425
  2300/7832 ok=1867 fail=433
  2400/7832 ok=1953 fail=447
  2500/7832 ok=2042 fail=458
  2600/7832 ok=2131 fail=469
  2700/7832 ok=2215 fail=485
  2800/7832 ok=2302 fail=498
  2900/7832 ok=2392 fail=508
  3000/7832 ok=2471 fail=529
  3100/7832 ok=2556 fail=544
  3200/7832 ok=2641 fail=559
  3300/7832 ok=2709 fail=591
  3400/7832 ok=2782 fail=618
  3500/7832 ok=2851 fail=649
  3600/7832 ok=2914 fail=686
  3700/7832 ok=2970 fail=730
  3800/7832 ok=3027 fail=773
  3900/7832 ok=3098 fail=802
  4000/7832 ok=3163 fail=837
  4100/7832 ok=3241 fail=859
  4200/7832 ok=3307 fail=893
  4300/7832 ok=3365 fail=935
  4400/7832 ok=3433 fail=967
  4500/7832 ok=3502 fail=998
  4600/7832 ok=3582 fail=1018
  4700/7832 ok=3653 fail=1047
  4800/7832 ok=3721 fail=1079
  4900/7832 ok=3793 fail=1107
  5000/7832 ok=3866 fail=1134
  5100/7832 ok=3951 fail=1149
  5200/7832 ok=4036 fail=1164
  5300/7832 ok=4126 fail=1174
  5400/7832 ok=4205 fail=1195
  5500/7832 ok=4292 fail=1208
  5600/7832 ok=4372 fail=1228
  5700/7832 ok=4453 fail=1247
  5800/7832 ok=4535 fail=1265
  5900/7832 ok=4619 fail=1281
  6000/7832 ok=4702 fail=1298
  6100/7832 ok=4782 fail=1318
  6200/7832 ok=4873 fail=1327
  6300/7832 ok=4961 fail=1339
  6400/7832 ok=5050 fail=1350
  6500/7832 ok=5126 fail=1374
  6600/7832 ok=5208 fail=1392
  6700/7832 ok=5296 fail=1404
  6800/7832 ok=5379 fail=1421
  6900/7832 ok=5467 fail=1433
  7000/7832 ok=5551 fail=1449
  7100/7832 ok=5631 fail=1469
  7200/7832 ok=5715 fail=1485
  7300/7832 ok=5798 fail=1502
  7400/7832 ok=5883 fail=1517
  7500/7832 ok=5965 fail=1535
  7600/7832 ok=6048 fail=1552
  7700/7832 ok=6132 fail=1568
  7800/7832 ok=6212 fail=1588
SELESAI ok=6235 fail=1597 -> D:\PROJECT\DataSense\KanjiQuiz\data\vocab_raw.jsonl
